Loaded .env.local
Keys found: [ 'DATABASE_URL' ]
DATABASE_URL length: 66
DATABASE_URL start: mysql://[USER]:...
Testing DB connection...
node.exe : Invalid 
DATABASE_URL: TypeError: 
Invalid URL
At line:1 char:1
+ & "C:\Program 
Files\nodejs/node.exe" 
"C:\Program 
Files\nodejs/node_mo ...
+ ~~~~~~~~~~~~~~~~~~~~~~~
~~~~~~~~~~~~~~~~~~~~~~~~~
~~~~~~~~~~~~~~~~~~~~~
    + CategoryInfo       
       : NotSpecified:   
  (Invalid DATABAS...o   
 r: Invalid URL:Strin    
g) [], RemoteExcepti    
on
    + FullyQualifiedErro 
   rId : NativeCommandE  
  rror
 
    at new URL (node:inte
rnal/url:825:25)
    at <anonymous> 
(C:\xampp\htdocs\graky 
store 
web\lib\db.ts:18:17)
    at ModuleJob.run (nod
e:internal/modules/esm/mo
dule_job:345:25)
    at async onImport.tra
cePromise.__proto__ (node
:internal/modules/esm/loa
der:651:26)
    at async 
testConnection 
(C:\xampp\htdocs\graky 
store web\scripts\test-db
-connection.ts:39:53) {
  code: 
'ERR_INVALID_URL',
  input: 'mysql://[USER]:
[PASSWORD]@[HOST]:4000/gr
aky_store?sslaccept=stric
t'
}
Connection test failed: 
AggregateError 
[ECONNREFUSED]: 
    at 
internalConnectMultiple 
(node:net:1134:18)
    at 
afterConnectMultiple 
(node:net:1715:7) {
  code: 'ECONNREFUSED',
  fatal: true,
  [errors]: [
    Error: connect 
ECONNREFUSED ::1:3306
        at 
createConnectionError 
(node:net:1678:14)
        at 
afterConnectMultiple 
(node:net:1708:16) {
      errno: -4078,
      code: 
'ECONNREFUSED',
      syscall: 'connect',
      address: '::1',
      port: 3306
    },
    Error: connect 
ECONNREFUSED 
127.0.0.1:3306
        at 
createConnectionError 
(node:net:1678:14)
        at 
afterConnectMultiple 
(node:net:1708:16) {
      errno: -4078,
      code: 
'ECONNREFUSED',
      syscall: 'connect',
      address: 
'127.0.0.1',
      port: 3306
    }
  ]
}
